// Jest Snapshot v1, https://goo.gl/fbAQLP

exports[`should render header correctly 1`] = `
<header>
  <NavLink
    activeClassName="is-active"
    aria-current="page"
    to="/"
  >
    Home
  </NavLink>
  <NavLink
    activeClassName="is-active"
    aria-current="page"
    to="/aio"
  >
    AIO
  </NavLink>
  <NavLink
    activeClassName="is-active"
    aria-current="page"
    to="/expenses"
  >
    Expenses
  </NavLink>
  <NavLink
    activeClassName="is-active"
    aria-current="page"
    to="/portfolio"
  >
    Portfolio
  </NavLink>
  <NavLink
    activeClassName="is-active"
    aria-current="page"
    to="/hoc"
  >
    HOC
  </NavLink>
  <NavLink
    activeClassName="is-active"
    aria-current="page"
    to="/persons"
  >
    Persons
  </NavLink>
  <NavLink
    activeClassName="is-active"
    aria-current="page"
    to="/burger"
  >
    BurgerBuilder
  </NavLink>
  <NavLink
    activeClassName="is-active"
    aria-current="page"
    to="/post"
  >
    Post
  </NavLink>
  <NavLink
    activeClassName="is-active"
    aria-current="page"
    to="/advancedCounter"
  >
    Advanced Counter
  </NavLink>
</header>
`;
